==PROF== Connected to process 157335 (/user-environment/linux-sles15-neoverse_v2/gcc-13.2.0/python-3.10.13-4hvg7oai34ex7hohdvpmcovaec5b2r7h/bin/python3.10)
/user-environment/linux-sles15-neoverse_v2/gcc-13.2.0/python-3.10.13-4hvg7oai34ex7hohdvpmcovaec5b2r7h/lib/python3.10/functools.py:981: UserWarning: C2E2C2E connectivity is missing from grid.
  val = self.func(instance)
==PROF== Connected to process 160453 (/capstor/scratch/cscs/mklein/icon4py/GT4PYcacheon/.gt4py_cache/compile_commands_cache_gridtools_gpu_master_nanobind_2_0_0_Release__da636645311ef39c328eb6d5ce0b750957e5cd350009b768ad13bd67c08b36df/build/CMakeFiles/3.27.9/CMakeDetermineCompilerABI_CUDA.bin)
==PROF== Disconnected from process 160453
==PROF== Profiling "kernel": 0%....50%....100% - 38 passes
Grid loaded in 278.160577s
Expected 50176 vertices
Selected 50176 vertices, 149633 edges, and 99458 cells
start
after InlineLambdas and NormalizeShifts
 calculate_nabla2_for_theta(
  kh_smag_e,
  inv_dual_edge_length,
  theta_v,
  geofac_div,
  z_temp,
  num_cells,
  horizontal_start,
  horizontal_end,
  vertical_start,
  vertical_end
) {
  z_temp @ u⟨ Cellₕ: [horizontal_start, horizontal_end[, Kᵥ: [vertical_start, vertical_end[ ⟩
       ← as_fieldop(
           λ(kh_smag_e, inv_dual_edge_length, theta_v, geofac_div) → 
             cast_(
               0 + ·⟪C2Eₒ, 0ₒ⟫(kh_smag_e) × ·⟪C2Eₒ, 0ₒ⟫(inv_dual_edge_length)
                   × (·⟪C2Eₒ, 0ₒ, E2Cₒ, 1ₒ⟫(theta_v) - ·⟪C2Eₒ, 0ₒ, E2Cₒ, 0ₒ⟫(theta_v)) × ·⟪C2CEₒ, 0ₒ⟫(geofac_div)
               + ·⟪C2Eₒ, 1ₒ⟫(kh_smag_e) × ·⟪C2Eₒ, 1ₒ⟫(inv_dual_edge_length)
                 × (·⟪C2Eₒ, 1ₒ, E2Cₒ, 1ₒ⟫(theta_v) - ·⟪C2Eₒ, 1ₒ, E2Cₒ, 0ₒ⟫(theta_v)) × ·⟪C2CEₒ, 1ₒ⟫(geofac_div)
               + ·⟪C2Eₒ, 2ₒ⟫(kh_smag_e) × ·⟪C2Eₒ, 2ₒ⟫(inv_dual_edge_length)
                 × (·⟪C2Eₒ, 2ₒ, E2Cₒ, 1ₒ⟫(theta_v) - ·⟪C2Eₒ, 2ₒ, E2Cₒ, 0ₒ⟫(theta_v)) × ·⟪C2CEₒ, 2ₒ⟫(geofac_div),
               float64
             ), u⟨ Cellₕ: [horizontal_start, horizontal_end[, Kᵥ: [vertical_start, vertical_end[ ⟩
         )(kh_smag_e, inv_dual_edge_length, theta_v, geofac_div);
}
after CollapseTables
 calculate_nabla2_for_theta(
  kh_smag_e,
  inv_dual_edge_length,
  theta_v,
  geofac_div,
  z_temp,
  num_cells,
  horizontal_start,
  horizontal_end,
  vertical_start,
  vertical_end
) {
  z_temp @ u⟨ Cellₕ: [horizontal_start, horizontal_end[, Kᵥ: [vertical_start, vertical_end[ ⟩
       ← as_fieldop(
           λ(kh_smag_e, inv_dual_edge_length, theta_v, geofac_div, cell_idx, num_cells) → 
             cast_(
               0 + ·⟪C2Eₒ, 0ₒ⟫(kh_smag_e) × ·⟪C2Eₒ, 0ₒ⟫(inv_dual_edge_length)
                   × (·(if ·cell_idx < ·num_cells / 2 then theta_v else theta_v)
                      - ·(if ·cell_idx < ·num_cells / 2 then ⟪C2E2Cₒ, 0ₒ⟫(theta_v) else ⟪C2E2Cₒ, 0ₒ⟫(theta_v)))
                   × ·⟪C2CEₒ, 0ₒ⟫(geofac_div)
               + ·⟪C2Eₒ, 1ₒ⟫(kh_smag_e) × ·⟪C2Eₒ, 1ₒ⟫(inv_dual_edge_length)
                 × (·(if ·cell_idx < ·num_cells / 2 then ⟪C2E2Cₒ, 1ₒ⟫(theta_v) else theta_v)
                    - ·(if ·cell_idx < ·num_cells / 2 then theta_v else ⟪C2E2Cₒ, 1ₒ⟫(theta_v)))
                 × ·⟪C2CEₒ, 1ₒ⟫(geofac_div)
               + ·⟪C2Eₒ, 2ₒ⟫(kh_smag_e) × ·⟪C2Eₒ, 2ₒ⟫(inv_dual_edge_length)
                 × (·(if ·cell_idx < ·num_cells / 2 then ⟪C2E2Cₒ, 2ₒ⟫(theta_v) else ⟪C2E2Cₒ, 0ₒ⟫(theta_v))
                    - ·(if ·cell_idx < ·num_cells / 2 then theta_v else theta_v)) × ·⟪C2CEₒ, 2ₒ⟫(geofac_div),
               float64
             ), u⟨ Cellₕ: [horizontal_start, horizontal_end[, Kᵥ: [vertical_start, vertical_end[ ⟩
         )(kh_smag_e, inv_dual_edge_length, theta_v, geofac_div, index(Cellₕ), num_cells);
}
after CollapseIfs + StripDegenerateIfs
 calculate_nabla2_for_theta(
  kh_smag_e,
  inv_dual_edge_length,
  theta_v,
  geofac_div,
  z_temp,
  num_cells,
  horizontal_start,
  horizontal_end,
  vertical_start,
  vertical_end
) {
  z_temp @ u⟨ Cellₕ: [horizontal_start, horizontal_end[, Kᵥ: [vertical_start, vertical_end[ ⟩
       ← as_fieldop(
           λ(kh_smag_e, inv_dual_edge_length, theta_v, geofac_div, cell_idx, num_cells) → 
             cast_(
               0 + ·⟪C2Eₒ, 0ₒ⟫(kh_smag_e) × ·⟪C2Eₒ, 0ₒ⟫(inv_dual_edge_length) × (·theta_v - ·⟪C2E2Cₒ, 0ₒ⟫(theta_v))
                   × ·⟪C2CEₒ, 0ₒ⟫(geofac_div)
               + ·⟪C2Eₒ, 1ₒ⟫(kh_smag_e) × ·⟪C2Eₒ, 1ₒ⟫(inv_dual_edge_length)
                 × (·(if ·cell_idx < ·num_cells / 2 then ⟪C2E2Cₒ, 1ₒ⟫(theta_v) else theta_v)
                    - ·(if ·cell_idx < ·num_cells / 2 then theta_v else ⟪C2E2Cₒ, 1ₒ⟫(theta_v)))
                 × ·⟪C2CEₒ, 1ₒ⟫(geofac_div)
               + ·⟪C2Eₒ, 2ₒ⟫(kh_smag_e) × ·⟪C2Eₒ, 2ₒ⟫(inv_dual_edge_length)
                 × (·(if ·cell_idx < ·num_cells / 2 then ⟪C2E2Cₒ, 2ₒ⟫(theta_v) else ⟪C2E2Cₒ, 0ₒ⟫(theta_v)) - ·theta_v)
                 × ·⟪C2CEₒ, 2ₒ⟫(geofac_div), float64
             ), u⟨ Cellₕ: [horizontal_start, horizontal_end[, Kᵥ: [vertical_start, vertical_end[ ⟩
         )(kh_smag_e, inv_dual_edge_length, theta_v, geofac_div, index(Cellₕ), num_cells);
}
end
==PROF== Disconnected from process 157335
==PROF== Report: /capstor/scratch/cscs/mklein/icon4py/ncu/calculate_nabla2_for_theta_on.ncu-rep
Elapsed time: 0h 8m 39s
